// Vitest Snapshot v1, https://vitest.dev/guide/snapshot.html

exports[`xxxxxxxx > YieldSection Component Render 1`] = `
<DocumentFragment>
  <div
    class="makeStyles-yieldSection-1"
  >
    <h2
      class="makeStyles-title-2"
    >
      Sources of
      <span
        class="makeStyles-colorful-4"
      >
         yield
      </span>
    </h2>
    <h3
      class="makeStyles-subTitle-6"
    >
      The best long-term 
      <strong>
        "risk-free"
      </strong>
       return
    </h3>
    <p
      class="makeStyles-description-7"
    >
      Bank of Chain maximizes returns in a scalable and safe manner by only interacting with rigorously-evaluated protocols.
    </p>
    <p
      class="makeStyles-description-7"
    >
      Yields are obtained from four sources:
    </p>
    <ul
      class="makeStyles-sourceList-8"
    >
      <li
        class="makeStyles-sourceItem-9"
      >
        <svg
          aria-hidden="true"
          class="MuiSvgIcon-root makeStyles-checkIcon-10"
          focusable="false"
          viewBox="0 0 24 24"
        >
          <path
            d="M9 16.17L4.83 12l-1.42 1.41L9 19 21 7l-1.41-1.41z"
          />
        </svg>
        <span
          class="makeStyles-text-5"
        >
          Market-making fees.
        </span>
      </li>
      <li
        class="makeStyles-sourceItem-9"
      >
        <svg
          aria-hidden="true"
          class="MuiSvgIcon-root makeStyles-checkIcon-10"
          focusable="false"
          viewBox="0 0 24 24"
        >
          <path
            d="M9 16.17L4.83 12l-1.42 1.41L9 19 21 7l-1.41-1.41z"
          />
        </svg>
        <span
          class="makeStyles-text-5"
        >
          Interest from over-collateralized lending.
        </span>
      </li>
      <li
        class="makeStyles-sourceItem-9"
      >
        <svg
          aria-hidden="true"
          class="MuiSvgIcon-root makeStyles-checkIcon-10"
          focusable="false"
          viewBox="0 0 24 24"
        >
          <path
            d="M9 16.17L4.83 12l-1.42 1.41L9 19 21 7l-1.41-1.41z"
          />
        </svg>
        <span
          class="makeStyles-text-5"
        >
          Governance token rewards.
        </span>
      </li>
      <li
        class="makeStyles-sourceItem-9"
      >
        <svg
          aria-hidden="true"
          class="MuiSvgIcon-root makeStyles-checkIcon-10"
          focusable="false"
          viewBox="0 0 24 24"
        >
          <path
            d="M9 16.17L4.83 12l-1.42 1.41L9 19 21 7l-1.41-1.41z"
          />
        </svg>
        <span
          class="makeStyles-text-5"
        >
          Rewards from staking.
        </span>
      </li>
    </ul>
  </div>
</DocumentFragment>
`;
