// Vitest Snapshot v1, https://vitest.dev/guide/snapshot.html

exports[`xxxxxxxx > CustomButtons Component Render 1`] = `
<DocumentFragment>
  <button
    class="MuiButtonBase-root MuiButton-root MuiButton-text makeStyles-button-1 abc"
    tabindex="0"
    type="button"
  >
    <span
      class="MuiButton-label"
    />
    <span
      class="MuiTouchRipple-root"
    />
  </button>
</DocumentFragment>
`;
