// Jest Snapshot v1, https://goo.gl/fbAQLP

exports[`InfoArea Component Render 1`] = `
<DocumentFragment>
  <div
    class="makeStyles-infoArea-15"
  >
    <div
      class="makeStyles-iconWrapper-1 makeStyles-gray-8"
    >
      <span>
        test
      </span>
    </div>
    <div
      class="makeStyles-descriptionWrapper-10"
    >
      <div
        class="makeStyles-title-11"
      >
        test
      </div>
      <p
        class="makeStyles-description-12"
      >
        description
      </p>
    </div>
  </div>
</DocumentFragment>
`;
