// Vitest Snapshot v1, https://vitest.dev/guide/snapshot.html

exports[`InfoArea Component Render 1`] = `
<DocumentFragment>
  <div
    class="makeStyles-infoArea-4"
  >
    <div
      class="makeStyles-iconWrapper-5"
    >
      <span>
        test
      </span>
    </div>
    <div
      class="makeStyles-descriptionWrapper-1"
    >
      <div
        class="makeStyles-title-2"
      >
        test
      </div>
      <p
        class="makeStyles-description-3"
      >
        description
      </p>
    </div>
  </div>
</DocumentFragment>
`;
