// Jest Snapshot v1, https://goo.gl/fbAQLP

exports[`LendingSection Component Render 1`] = `
<DocumentFragment>
  <div
    class="makeStyles-section-4"
  >
    <h2
      class="makeStyles-title-7"
    >
      Crypto Lending Interest Rates
    </h2>
    <div
      class="makeStyles-chart-18"
    >
      <div
        class="makeStyles-chartInner-19"
      >
        <div
          class="MuiGrid-root makeStyles-grid-21  MuiGrid-container"
          style="margin: 0px auto; padding: 10rem;"
        >
          <div
            class="MuiCircularProgress-root MuiCircularProgress-colorPrimary MuiCircularProgress-indeterminate"
            role="progressbar"
            style="width: 40px; height: 40px;"
          >
            <svg
              class="MuiCircularProgress-svg"
              viewBox="22 22 44 44"
            >
              <circle
                class="MuiCircularProgress-circle MuiCircularProgress-circleIndeterminate"
                cx="44"
                cy="44"
                fill="none"
                r="20.2"
                stroke-width="3.6"
              />
            </svg>
          </div>
        </div>
      </div>
    </div>
  </div>
</DocumentFragment>
`;
