// Jest Snapshot v1, https://goo.gl/fbAQLP

exports[`LendingSection Component Render 1`] = `
<DocumentFragment>
  <div
    class="makeStyles-section-4"
  >
    <h2
      class="makeStyles-title-6"
    >
      Crypto Lending Interest Rates.
    </h2>
    <div
      class="makeStyles-label-13"
    >
      <div
        class="MuiGrid-root makeStyles-grid-18  MuiGrid-container"
      >
        <div
          class="MuiGrid-root makeStyles-grid-19  MuiGrid-item"
          style="line-height: 2rem;"
        >
          <div
            class="makeStyles-box-14"
          />
          <span
            style="font-size: 0.75rem;"
          >
            Current Rate
          </span>
        </div>
        <div
          class="MuiGrid-root makeStyles-grid-19  MuiGrid-item"
        >
          <div
            class="makeStyles-box1-15"
          />
          <span
            style="font-size: 0.75rem;"
          >
            Fixed Rate
          </span>
        </div>
      </div>
    </div>
    <div
      class="makeStyles-chart-16"
    >
      <div
        class="makeStyles-chartInner-17"
      >
        <div
          class="MuiGrid-root makeStyles-grid-18  MuiGrid-container MuiGrid-justify-xs-center"
          style="margin: 0px auto;"
        >
          <div
            class="MuiCircularProgress-root MuiCircularProgress-colorPrimary MuiCircularProgress-indeterminate"
            role="progressbar"
            style="width: 40px; height: 40px;"
          >
            <svg
              class="MuiCircularProgress-svg"
              viewBox="22 22 44 44"
            >
              <circle
                class="MuiCircularProgress-circle MuiCircularProgress-circleIndeterminate"
                cx="44"
                cy="44"
                fill="none"
                r="20.2"
                stroke-width="3.6"
              />
            </svg>
          </div>
        </div>
      </div>
    </div>
  </div>
</DocumentFragment>
`;
